[    6568ms] [INFO] %cDownload the React DevTools for a better development experience: https://react.dev/link/react-devtools font-weight:bold @ http://localhost:3000/_next/static/chunks/0nfi_next_dist_0web03n._.js:2477
[    6600ms] [LOG] [HMR] connected @ http://localhost:3000/_next/static/chunks/0nfi_next_dist_0web03n._.js:2477
[  580025ms] [LOG] [Fast Refresh] rebuilding @ http://localhost:3000/_next/static/chunks/0nfi_next_dist_0web03n._.js:2477
[  580034ms] [LOG] [Fast Refresh] done in 119ms @ http://localhost:3000/_next/static/chunks/0nfi_next_dist_0web03n._.js:2477
[  880719ms] [LOG] [Fast Refresh] rebuilding @ http://localhost:3000/_next/static/chunks/0nfi_next_dist_0web03n._.js:2477
[  880892ms] [LOG] [Fast Refresh] done in 274ms @ http://localhost:3000/_next/static/chunks/0nfi_next_dist_0web03n._.js:2477
[  883519ms] [LOG] [Fast Refresh] rebuilding @ http://localhost:3000/_next/static/chunks/0nfi_next_dist_0web03n._.js:2477
[  884778ms] [LOG] [Fast Refresh] done in 1238ms @ http://localhost:3000/_next/static/chunks/0nfi_next_dist_0web03n._.js:2477
[  884885ms] [LOG] [Fast Refresh] rebuilding @ http://localhost:3000/_next/static/chunks/0nfi_next_dist_0web03n._.js:2477
[  884922ms] [LOG] [Fast Refresh] done in 138ms @ http://localhost:3000/_next/static/chunks/0nfi_next_dist_0web03n._.js:2477
[  885120ms] [INFO] %cDownload the React DevTools for a better development experience: https://react.dev/link/react-devtools font-weight:bold @ http://localhost:3000/_next/static/chunks/0nfi_next_dist_0web03n._.js:2477
[  885152ms] [LOG] [HMR] connected @ http://localhost:3000/_next/static/chunks/0nfi_next_dist_0web03n._.js:2477
[  885319ms] [LOG] [Fast Refresh] rebuilding @ http://localhost:3000/_next/static/chunks/0nfi_next_dist_0web03n._.js:2477
[  885384ms] [LOG] [Fast Refresh] done in 24ms @ http://localhost:3000/_next/static/chunks/0nfi_next_dist_0web03n._.js:2477
[  886737ms] [LOG] [Fast Refresh] rebuilding @ http://localhost:3000/_next/static/chunks/0nfi_next_dist_0web03n._.js:2477
[  886780ms] [LOG] [Fast Refresh] done in 27ms @ http://localhost:3000/_next/static/chunks/0nfi_next_dist_0web03n._.js:2477
[  889845ms] [WARNING] The resource http://localhost:3000/_next/static/media/1b99372b3eaef0c8-s.p.0gx2haw2tmll8.woff2 was preloaded using link preload but not used within a few seconds from the window's load event. Please make sure it has an appropriate `as` value and it is preloaded intentionally. @ http://localhost:3000/#work:0
[  890548ms] [LOG] [Fast Refresh] rebuilding @ http://localhost:3000/_next/static/chunks/0nfi_next_dist_0web03n._.js:2477
[  890603ms] [LOG] [Fast Refresh] done in 84ms @ http://localhost:3000/_next/static/chunks/0nfi_next_dist_0web03n._.js:2477
[ 1080983ms] [LOG] [Fast Refresh] rebuilding @ http://localhost:3000/_next/static/chunks/0nfi_next_dist_0web03n._.js:2477
[ 1080988ms] [LOG] [Fast Refresh] done in 114ms @ http://localhost:3000/_next/static/chunks/0nfi_next_dist_0web03n._.js:2477
[ 1099605ms] [INFO] %cDownload the React DevTools for a better development experience: https://react.dev/link/react-devtools font-weight:bold @ http://localhost:3000/_next/static/chunks/0nfi_next_dist_0web03n._.js:2477
[ 1099626ms] [LOG] [HMR] connected @ http://localhost:3000/_next/static/chunks/0nfi_next_dist_0web03n._.js:2477
[ 2422198ms] [LOG] [Fast Refresh] rebuilding @ http://localhost:3000/_next/static/chunks/0nfi_next_dist_0web03n._.js:2477
[ 2422357ms] [LOG] [Fast Refresh] done in 258ms @ http://localhost:3000/_next/static/chunks/0nfi_next_dist_0web03n._.js:2477
