[   45307ms] [INFO] %cDownload the React DevTools for a better development experience: https://react.dev/link/react-devtools font-weight:bold @ http://localhost:3000/_next/static/chunks/0nfi_next_dist_0web03n._.js:2477
[   45321ms] [LOG] [HMR] connected @ http://localhost:3000/_next/static/chunks/0nfi_next_dist_0web03n._.js:2477
[  586630ms] [WARNING] The resource http://localhost:3000/_next/image?url=%2Fassets%2Fatlan-screenshot.jpg&w=1080&q=75 was preloaded using link preload but not used within a few seconds from the window's load event. Please make sure it has an appropriate `as` value and it is preloaded intentionally. @ http://localhost:3000/work/atlan#work:0
[  609576ms] [LOG] [Fast Refresh] rebuilding @ http://localhost:3000/_next/static/chunks/0nfi_next_dist_0web03n._.js:2477
[  609740ms] [ERROR] Failed to load resource: the server responded with a status of 404 (Not Found) @ http://localhost:3000/work:0
[  609763ms] [INFO] %cDownload the React DevTools for a better development experience: https://react.dev/link/react-devtools font-weight:bold @ http://localhost:3000/_next/static/chunks/0nfi_next_dist_0web03n._.js:2477
[  609770ms] [LOG] [HMR] connected @ http://localhost:3000/_next/static/chunks/0nfi_next_dist_0web03n._.js:2477
[  613193ms] [INFO] %cDownload the React DevTools for a better development experience: https://react.dev/link/react-devtools font-weight:bold @ http://localhost:3000/_next/static/chunks/0nfi_next_dist_0web03n._.js:2477
[  613202ms] [LOG] [HMR] connected @ http://localhost:3000/_next/static/chunks/0nfi_next_dist_0web03n._.js:2477
[  616264ms] [WARNING] The resource http://localhost:3000/_next/image?url=%2Fassets%2Fatlan-screenshot.jpg&w=1080&q=75 was preloaded using link preload but not used within a few seconds from the window's load event. Please make sure it has an appropriate `as` value and it is preloaded intentionally. @ http://localhost:3000/work/atlan#work:0
[  643402ms] [INFO] %cDownload the React DevTools for a better development experience: https://react.dev/link/react-devtools font-weight:bold @ http://localhost:3000/_next/static/chunks/0nfi_next_dist_0web03n._.js:2477
[  643414ms] [LOG] [HMR] connected @ http://localhost:3000/_next/static/chunks/0nfi_next_dist_0web03n._.js:2477
[  667989ms] [WARNING] The resource http://localhost:3000/_next/image?url=%2Fassets%2Fatlan-screenshot.jpg&w=1080&q=75 was preloaded using link preload but not used within a few seconds from the window's load event. Please make sure it has an appropriate `as` value and it is preloaded intentionally. @ http://localhost:3000/:0
[ 2863993ms] [INFO] %cDownload the React DevTools for a better development experience: https://react.dev/link/react-devtools font-weight:bold @ http://localhost:3000/_next/static/chunks/0nfi_next_dist_0web03n._.js:2477
[ 2864033ms] [LOG] [HMR] connected @ http://localhost:3000/_next/static/chunks/0nfi_next_dist_0web03n._.js:2477
[ 2919082ms] [ERROR] WebSocket connection to 'ws://localhost:3000/_next/webpack-hmr?id=umiiamCFz3-J4G_2Bn6zK' failed: Error in connection establishment: net::ERR_CONNECTION_REFUSED @ http://localhost:3000/_next/static/chunks/0nfi_next_dist_client_13wugw2._.js:13322
[ 2920087ms] [ERROR] WebSocket connection to 'ws://localhost:3000/_next/webpack-hmr?id=umiiamCFz3-J4G_2Bn6zK' failed: Error in connection establishment: net::ERR_CONNECTION_REFUSED @ http://localhost:3000/_next/static/chunks/0nfi_next_dist_client_13wugw2._.js:13322
[ 2921089ms] [ERROR] WebSocket connection to 'ws://localhost:3000/_next/webpack-hmr?id=umiiamCFz3-J4G_2Bn6zK' failed: Error in connection establishment: net::ERR_CONNECTION_REFUSED @ http://localhost:3000/_next/static/chunks/0nfi_next_dist_client_13wugw2._.js:13322
[ 2922091ms] [ERROR] WebSocket connection to 'ws://localhost:3000/_next/webpack-hmr?id=umiiamCFz3-J4G_2Bn6zK' failed: Error in connection establishment: net::ERR_CONNECTION_REFUSED @ http://localhost:3000/_next/static/chunks/0nfi_next_dist_client_13wugw2._.js:13322
[ 2923150ms] [LOG] [HMR] connected @ http://localhost:3000/_next/static/chunks/0nfi_next_dist_0web03n._.js:2477
[ 2924405ms] [INFO] %cDownload the React DevTools for a better development experience: https://react.dev/link/react-devtools font-weight:bold @ http://localhost:3000/_next/static/chunks/0nfi_next_dist_0web03n._.js:2477
[ 2924417ms] [LOG] [HMR] connected @ http://localhost:3000/_next/static/chunks/0nfi_next_dist_0web03n._.js:2477
[ 2959100ms] [LOG] [Fast Refresh] rebuilding @ http://localhost:3000/_next/static/chunks/0nfi_next_dist_0web03n._.js:2477
[ 2959213ms] [LOG] [Fast Refresh] done in 186ms @ http://localhost:3000/_next/static/chunks/0nfi_next_dist_0web03n._.js:2477
[ 3533755ms] [LOG] [Fast Refresh] rebuilding @ http://localhost:3000/_next/static/chunks/0nfi_next_dist_0web03n._.js:2477
[ 3533834ms] [LOG] [Fast Refresh] done in 180ms @ http://localhost:3000/_next/static/chunks/0nfi_next_dist_0web03n._.js:2477
[ 3544231ms] [LOG] [Fast Refresh] rebuilding @ http://localhost:3000/_next/static/chunks/0nfi_next_dist_0web03n._.js:2477
[ 3544847ms] [ERROR] ./src/components/sections/ToolStrip.tsx:3:1
Export tools doesn't exist in target module
  1 | import * as SimpleIcons from "@icons-pack/react-simple-icons";
  2 | import type { IconType } from "@icons-pack/react-simple-icons";
> 3 | import { tools } from "@/content/tools";
    | ^^^^^^^^^^^^^^^^^^^^^^^^^^^^^^^^^^^^^^^^
  4 | import { cn } from "@/lib/cn";
  5 | import s from "./sections.module.css";
  6 |

The export tools was not found in module [project]/src/content/tools.ts [app-rsc] (ecmascript).
Did you mean to import toolGroups?
All exports of the module are statically known (It doesn't have dynamic exports). So it's known statically that the requested export doesn't exist.

Import trace:
  Server Component:
    ./src/components/sections/ToolStrip.tsx
    ./src/app/page.tsx @ http://localhost:3000/_next/static/chunks/0nfi_next_dist_0web03n._.js:3318
[ 3544942ms] [ERROR] ./src/components/sections/ToolStrip.tsx:3:1
Export tools doesn't exist in target module
  1 | import * as SimpleIcons from "@icons-pack/react-simple-icons";
  2 | import type { IconType } from "@icons-pack/react-simple-icons";
> 3 | import { tools } from "@/content/tools";
    | ^^^^^^^^^^^^^^^^^^^^^^^^^^^^^^^^^^^^^^^^
  4 | import { cn } from "@/lib/cn";
  5 | import s from "./sections.module.css";
  6 |

The export tools was not found in module [project]/src/content/tools.ts [app-rsc] (ecmascript).
Did you mean to import toolGroups?
All exports of the module are statically known (It doesn't have dynamic exports). So it's known statically that the requested export doesn't exist.

Import trace:
  Server Component:
    ./src/components/sections/ToolStrip.tsx
    ./src/app/page.tsx @ http://localhost:3000/_next/static/chunks/0nfi_next_dist_0web03n._.js:3318
[ 3544980ms] [LOG] [Fast Refresh] rebuilding @ http://localhost:3000/_next/static/chunks/0nfi_next_dist_0web03n._.js:2477
[ 3560724ms] [LOG] [Fast Refresh] rebuilding @ http://localhost:3000/_next/static/chunks/0nfi_next_dist_0web03n._.js:2477
[ 3561567ms] [LOG] [Fast Refresh] done in 940ms @ http://localhost:3000/_next/static/chunks/0nfi_next_dist_0web03n._.js:2477
[ 3576041ms] [LOG] [Fast Refresh] rebuilding @ http://localhost:3000/_next/static/chunks/0nfi_next_dist_0web03n._.js:2477
[ 3576081ms] [LOG] [Fast Refresh] done in 57ms @ http://localhost:3000/_next/static/chunks/0nfi_next_dist_0web03n._.js:2477
[ 3646911ms] [LOG] [Fast Refresh] rebuilding @ http://localhost:3000/_next/static/chunks/0nfi_next_dist_0web03n._.js:2477
[ 3647538ms] [LOG] [Fast Refresh] done in 554ms @ http://localhost:3000/_next/static/chunks/0nfi_next_dist_0web03n._.js:2477
[ 3648119ms] [LOG] [Fast Refresh] rebuilding @ http://localhost:3000/_next/static/chunks/0nfi_next_dist_0web03n._.js:2477
[ 3648134ms] [LOG] [Fast Refresh] done in 115ms @ http://localhost:3000/_next/static/chunks/0nfi_next_dist_0web03n._.js:2477
[ 3681346ms] [LOG] [Fast Refresh] rebuilding @ http://localhost:3000/_next/static/chunks/0nfi_next_dist_0web03n._.js:2477
[ 3681432ms] [LOG] [Fast Refresh] done in 188ms @ http://localhost:3000/_next/static/chunks/0nfi_next_dist_0web03n._.js:2477
[ 3879321ms] [LOG] [Fast Refresh] rebuilding @ http://localhost:3000/_next/static/chunks/0nfi_next_dist_0web03n._.js:2477
[ 3879338ms] [LOG] [Fast Refresh] done in 127ms @ http://localhost:3000/_next/static/chunks/0nfi_next_dist_0web03n._.js:2477
[ 3882341ms] [LOG] [Fast Refresh] rebuilding @ http://localhost:3000/_next/static/chunks/0nfi_next_dist_0web03n._.js:2477
[ 3882345ms] [LOG] [Fast Refresh] done in 105ms @ http://localhost:3000/_next/static/chunks/0nfi_next_dist_0web03n._.js:2477
[ 3883319ms] [LOG] [Fast Refresh] rebuilding @ http://localhost:3000/_next/static/chunks/0nfi_next_dist_0web03n._.js:2477
[ 3883423ms] [LOG] [Fast Refresh] done in 205ms @ http://localhost:3000/_next/static/chunks/0nfi_next_dist_0web03n._.js:2477
[ 3983254ms] [LOG] [Fast Refresh] rebuilding @ http://localhost:3000/_next/static/chunks/0nfi_next_dist_0web03n._.js:2477
[ 3983319ms] [LOG] [Fast Refresh] done in 84ms @ http://localhost:3000/_next/static/chunks/0nfi_next_dist_0web03n._.js:2477
[ 3989821ms] [LOG] [Fast Refresh] rebuilding @ http://localhost:3000/_next/static/chunks/0nfi_next_dist_0web03n._.js:2477
[ 3989934ms] [LOG] [Fast Refresh] done in 162ms @ http://localhost:3000/_next/static/chunks/0nfi_next_dist_0web03n._.js:2477
[ 4047785ms] [INFO] %cDownload the React DevTools for a better development experience: https://react.dev/link/react-devtools font-weight:bold @ http://localhost:3000/_next/static/chunks/0nfi_next_dist_0web03n._.js:2477
[ 4047815ms] [LOG] [HMR] connected @ http://localhost:3000/_next/static/chunks/0nfi_next_dist_0web03n._.js:2477
[ 4278665ms] [LOG] [Fast Refresh] rebuilding @ http://localhost:3000/_next/static/chunks/0nfi_next_dist_0web03n._.js:2477
[ 4278692ms] [LOG] [Fast Refresh] done in 64ms @ http://localhost:3000/_next/static/chunks/0nfi_next_dist_0web03n._.js:2477
[ 4362772ms] [LOG] [Fast Refresh] rebuilding @ http://localhost:3000/_next/static/chunks/0nfi_next_dist_0web03n._.js:2477
[ 4362802ms] [LOG] [Fast Refresh] done in 61ms @ http://localhost:3000/_next/static/chunks/0nfi_next_dist_0web03n._.js:2477
[ 4461001ms] [WARNING] The resource http://localhost:3000/_next/image?url=%2Fassets%2Fatlan-screenshot.jpg&w=1080&q=75 was preloaded using link preload but not used within a few seconds from the window's load event. Please make sure it has an appropriate `as` value and it is preloaded intentionally. @ http://localhost:3000/:0
[ 6163887ms] [ERROR] WebSocket connection to 'ws://localhost:3000/_next/webpack-hmr?id=Z9ldrPosZZ_xpxvGFfvjR' failed: Error in connection establishment: net::ERR_CONNECTION_REFUSED @ http://localhost:3000/_next/static/chunks/0nfi_next_dist_client_13wugw2._.js:13322
[ 6164895ms] [ERROR] WebSocket connection to 'ws://localhost:3000/_next/webpack-hmr?id=Z9ldrPosZZ_xpxvGFfvjR' failed: Error in connection establishment: net::ERR_CONNECTION_REFUSED @ http://localhost:3000/_next/static/chunks/0nfi_next_dist_client_13wugw2._.js:13322
[ 6165897ms] [ERROR] WebSocket connection to 'ws://localhost:3000/_next/webpack-hmr?id=Z9ldrPosZZ_xpxvGFfvjR' failed: Error in connection establishment: net::ERR_CONNECTION_REFUSED @ http://localhost:3000/_next/static/chunks/0nfi_next_dist_client_13wugw2._.js:13322
[ 6166903ms] [ERROR] WebSocket connection to 'ws://localhost:3000/_next/webpack-hmr?id=Z9ldrPosZZ_xpxvGFfvjR' failed: Error in connection establishment: net::ERR_CONNECTION_REFUSED @ http://localhost:3000/_next/static/chunks/0nfi_next_dist_client_13wugw2._.js:13322
[ 6167909ms] [ERROR] WebSocket connection to 'ws://localhost:3000/_next/webpack-hmr?id=Z9ldrPosZZ_xpxvGFfvjR' failed: Error in connection establishment: net::ERR_CONNECTION_REFUSED @ http://localhost:3000/_next/static/chunks/0nfi_next_dist_client_13wugw2._.js:13322
[ 6172913ms] [ERROR] WebSocket connection to 'ws://localhost:3000/_next/webpack-hmr?id=Z9ldrPosZZ_xpxvGFfvjR' failed: Error in connection establishment: net::ERR_CONNECTION_REFUSED @ http://localhost:3000/_next/static/chunks/0nfi_next_dist_client_13wugw2._.js:13322
[ 6177924ms] [ERROR] WebSocket connection to 'ws://localhost:3000/_next/webpack-hmr?id=Z9ldrPosZZ_xpxvGFfvjR' failed: Error in connection establishment: net::ERR_CONNECTION_REFUSED @ http://localhost:3000/_next/static/chunks/0nfi_next_dist_client_13wugw2._.js:13322
[ 6182943ms] [ERROR] WebSocket connection to 'ws://localhost:3000/_next/webpack-hmr?id=Z9ldrPosZZ_xpxvGFfvjR' failed: Error in connection establishment: net::ERR_CONNECTION_REFUSED @ http://localhost:3000/_next/static/chunks/0nfi_next_dist_client_13wugw2._.js:13322
[ 6187961ms] [ERROR] WebSocket connection to 'ws://localhost:3000/_next/webpack-hmr?id=Z9ldrPosZZ_xpxvGFfvjR' failed: Error in connection establishment: net::ERR_CONNECTION_REFUSED @ http://localhost:3000/_next/static/chunks/0nfi_next_dist_client_13wugw2._.js:13322
[ 6193018ms] [ERROR] WebSocket connection to 'ws://localhost:3000/_next/webpack-hmr?id=Z9ldrPosZZ_xpxvGFfvjR' failed: Error in connection establishment: net::ERR_CONNECTION_REFUSED @ http://localhost:3000/_next/static/chunks/0nfi_next_dist_client_13wugw2._.js:13322
[ 6198153ms] [ERROR] WebSocket connection to 'ws://localhost:3000/_next/webpack-hmr?id=Z9ldrPosZZ_xpxvGFfvjR' failed: Error in connection establishment: net::ERR_CONNECTION_REFUSED @ http://localhost:3000/_next/static/chunks/0nfi_next_dist_client_13wugw2._.js:13322
[ 6203247ms] [ERROR] WebSocket connection to 'ws://localhost:3000/_next/webpack-hmr?id=Z9ldrPosZZ_xpxvGFfvjR' failed: Error in connection establishment: net::ERR_CONNECTION_REFUSED @ http://localhost:3000/_next/static/chunks/0nfi_next_dist_client_13wugw2._.js:13322
